[STEP 1] Registering user flowtest_1767376715@example.com...
[SUCCESS] Registration request sent.
[STEP 2] Retrieving OTP from DB...
[SUCCESS] Found OTP: 8121
[STEP 3] Verifying OTP...
[SUCCESS] Email verified.
[STEP 4] Logging in...
[ERROR] Login failed: 401 - {"detail":"Authentication credentials were not provided."}
